C:\klei\DoNotStarve\mod_tools\win32\..\..\mods\sample_dude/exported\\face/face-0.png
C:\klei\DoNotStarve\mod_tools\win32\..\..\mods\sample_dude/exported\\face/face-1.png
C:\klei\DoNotStarve\mod_tools\win32\..\..\mods\sample_dude/exported\\face/face-2.png
C:\klei\DoNotStarve\mod_tools\win32\..\..\mods\sample_dude/exported\\face/face-3.png
C:\klei\DoNotStarve\mod_tools\win32\..\..\mods\sample_dude/exported\\face/face-4.png
C:\klei\DoNotStarve\mod_tools\win32\..\..\mods\sample_dude/exported\\face/face-5.png
C:\klei\DoNotStarve\mod_tools\win32\..\..\mods\sample_dude/exported\\face/face-6.png
C:\klei\DoNotStarve\mod_tools\win32\..\..\mods\sample_dude/exported\\face/face-7.png
C:\klei\DoNotStarve\mod_tools\win32\..\..\mods\sample_dude/exported\\face/face-8.png
C:\klei\DoNotStarve\mod_tools\win32\..\..\mods\sample_dude/exported\\face/face-9.png
C:\klei\DoNotStarve\mod_tools\win32\..\..\mods\sample_dude/exported\\face/face-10.png
C:\klei\DoNotStarve\mod_tools\win32\..\..\mods\sample_dude/exported\\face/face-11.png
C:\klei\DoNotStarve\mod_tools\win32\..\..\mods\sample_dude/exported\\face/face-12.png
C:\klei\DoNotStarve\mod_tools\win32\..\..\mods\sample_dude/exported\\face/face-13.png
C:\klei\DoNotStarve\mod_tools\win32\..\..\mods\sample_dude/exported\\headbase/headbase-0.png
C:\klei\DoNotStarve\mod_tools\win32\..\..\mods\sample_dude/exported\\headbase/headbase-1.png
C:\klei\DoNotStarve\mod_tools\win32\..\..\mods\sample_dude/exported\\headbase/headbase-2.png
C:\klei\DoNotStarve\mod_tools\win32\..\..\mods\sample_dude/exported\\hair/hair-0.png
C:\klei\DoNotStarve\mod_tools\win32\..\..\mods\sample_dude/exported\\hair/hair-1.png
C:\klei\DoNotStarve\mod_tools\win32\..\..\mods\sample_dude/exported\\hair/hair-2.png
C:\klei\DoNotStarve\mod_tools\win32\..\..\mods\sample_dude/exported\\torso/torso-0.png
C:\klei\DoNotStarve\mod_tools\win32\..\..\mods\sample_dude/exported\\torso/torso-1.png
C:\klei\DoNotStarve\mod_tools\win32\..\..\mods\sample_dude/exported\\torso/torso-2.png
C:\klei\DoNotStarve\mod_tools\win32\..\..\mods\sample_dude/exported\\torso/torso-3.png
C:\klei\DoNotStarve\mod_tools\win32\..\..\mods\sample_dude/exported\\torso/torso-4.png
C:\klei\DoNotStarve\mod_tools\win32\..\..\mods\sample_dude/exported\\torso/torso-5.png
C:\klei\DoNotStarve\mod_tools\win32\..\..\mods\sample_dude/exported\\torso/torso-6.png
C:\klei\DoNotStarve\mod_tools\win32\..\..\mods\sample_dude/exported\\torso/torso-7.png
C:\klei\DoNotStarve\mod_tools\win32\..\..\mods\sample_dude/exported\\torso/torso-8.png
C:\klei\DoNotStarve\mod_tools\win32\..\..\mods\sample_dude/exported\\torso/torso-9.png
C:\klei\DoNotStarve\mod_tools\win32\..\..\mods\sample_dude/exported\\foot/foot-0.png
C:\klei\DoNotStarve\mod_tools\win32\..\..\mods\sample_dude/exported\\foot/foot-1.png
C:\klei\DoNotStarve\mod_tools\win32\..\..\mods\sample_dude/exported\\foot/foot-2.png
C:\klei\DoNotStarve\mod_tools\win32\..\..\mods\sample_dude/exported\\foot/foot-3.png
C:\klei\DoNotStarve\mod_tools\win32\..\..\mods\sample_dude/exported\\foot/foot-4.png
C:\klei\DoNotStarve\mod_tools\win32\..\..\mods\sample_dude/exported\\foot/foot-5.png
C:\klei\DoNotStarve\mod_tools\win32\..\..\mods\sample_dude/exported\\foot/foot-6.png
C:\klei\DoNotStarve\mod_tools\win32\..\..\mods\sample_dude/exported\\hand/hand-0.png
C:\klei\DoNotStarve\mod_tools\win32\..\..\mods\sample_dude/exported\\hand/hand-1.png
C:\klei\DoNotStarve\mod_tools\win32\..\..\mods\sample_dude/exported\\hand/hand-2.png
C:\klei\DoNotStarve\mod_tools\win32\..\..\mods\sample_dude/exported\\hand/hand-3.png
C:\klei\DoNotStarve\mod_tools\win32\..\..\mods\sample_dude/exported\\hand/hand-4.png
C:\klei\DoNotStarve\mod_tools\win32\..\..\mods\sample_dude/exported\\hand/hand-5.png
C:\klei\DoNotStarve\mod_tools\win32\..\..\mods\sample_dude/exported\\hand/hand-6.png
C:\klei\DoNotStarve\mod_tools\win32\..\..\mods\sample_dude/exported\\hand/hand-7.png
C:\klei\DoNotStarve\mod_tools\win32\..\..\mods\sample_dude/exported\\hand/hand-8.png
C:\klei\DoNotStarve\mod_tools\win32\..\..\mods\sample_dude/exported\\hand/hand-9.png
C:\klei\DoNotStarve\mod_tools\win32\..\..\mods\sample_dude/exported\\hand/hand-10.png
C:\klei\DoNotStarve\mod_tools\win32\..\..\mods\sample_dude/exported\\leg/leg-0.png
C:\klei\DoNotStarve\mod_tools\win32\..\..\mods\sample_dude/exported\\leg/leg-1.png
C:\klei\DoNotStarve\mod_tools\win32\..\..\mods\sample_dude/exported\\leg/leg-2.png
C:\klei\DoNotStarve\mod_tools\win32\..\..\mods\sample_dude/exported\\leg/leg-3.png
C:\klei\DoNotStarve\mod_tools\win32\..\..\mods\sample_dude/exported\\leg/leg-4.png
C:\klei\DoNotStarve\mod_tools\win32\..\..\mods\sample_dude/exported\\leg/leg-5.png
C:\klei\DoNotStarve\mod_tools\win32\..\..\mods\sample_dude/exported\\leg/leg-6.png
C:\klei\DoNotStarve\mod_tools\win32\..\..\mods\sample_dude/exported\\leg/leg-7.png
C:\klei\DoNotStarve\mod_tools\win32\..\..\mods\sample_dude/exported\\leg/leg-8.png
C:\klei\DoNotStarve\mod_tools\win32\..\..\mods\sample_dude/exported\\arm_lower/arm_lower-0.png
C:\klei\DoNotStarve\mod_tools\win32\..\..\mods\sample_dude/exported\\arm_lower/arm_lower-1.png
C:\klei\DoNotStarve\mod_tools\win32\..\..\mods\sample_dude/exported\\arm_lower/arm_lower-2.png
C:\klei\DoNotStarve\mod_tools\win32\..\..\mods\sample_dude/exported\\arm_upper/arm_upper-0.png
C:\klei\DoNotStarve\mod_tools\win32\..\..\mods\sample_dude/exported\\arm_upper/arm_upper-1.png
C:\klei\DoNotStarve\mod_tools\win32\..\..\mods\sample_dude/exported\\arm_upper/arm_upper-2.png
C:\klei\DoNotStarve\mod_tools\win32\..\..\mods\sample_dude/exported\\arm_upper/arm_upper-3.png
C:\klei\DoNotStarve\mod_tools\win32\..\..\mods\sample_dude/exported\\arm_upper/arm_upper-4.png
C:\klei\DoNotStarve\mod_tools\win32\..\..\mods\sample_dude/exported\\cheeks/cheeks-0.png
C:\klei\DoNotStarve\mod_tools\win32\..\..\mods\sample_dude/exported\\cheeks/cheeks-1.png
C:\klei\DoNotStarve\mod_tools\win32\..\..\mods\sample_dude/exported\\hair_hat/hair_hat-0.png
C:\klei\DoNotStarve\mod_tools\win32\..\..\mods\sample_dude/exported\\hair_hat/hair_hat-1.png
C:\klei\DoNotStarve\mod_tools\win32\..\..\mods\sample_dude/exported\\hair_hat/hair_hat-2.png
C:\klei\DoNotStarve\mod_tools\win32\..\..\mods\sample_dude/exported\\headbase_hat/headbase_hat-0.png
C:\klei\DoNotStarve\mod_tools\win32\..\..\mods\sample_dude/exported\\headbase_hat/headbase_hat-1.png
C:\klei\DoNotStarve\mod_tools\win32\..\..\mods\sample_dude/exported\\headbase_hat/headbase_hat-2.png
